***********************************************************************************************
***                                                                                         ***
***                                    LINK INFORMATION                                     ***
***                                                                                         ***
***********************************************************************************************

Linker version:

  SEGGER ARM Linker 4.44.2 compiled Apr 14 2025 15:08:43
  Copyright (c) 2017-2024 SEGGER Microcontroller GmbH    www.segger.com


***********************************************************************************************
***                                                                                         ***
***                                     MODULE SUMMARY                                      ***
***                                                                                         ***
***********************************************************************************************

Memory use by input file:

  Object File                                       RX Code     RO Data     RW Data     ZI Data
  ---------------------------------------------  ----------  ----------  ----------  ----------
  main.o                                                196          64                        
  SEGGER_THUMB_Startup.o                                 20                                    
  STM32L432KC_FLASH.o                                    26                                    
  STM32L432KC_GPIO.o                                    192                                    
  STM32L432KC_RCC.o                                     192                                    
  STM32L432KC_TIM.o                                     240                                    
  stm32l432xx_Vectors.o                                 532                                    
  STM32L4xx_Startup.o                                    64                                    
  system_stm32l4xx.o                                    462          64           4            
  ---------------------------------------------  ----------  ----------  ----------  ----------
  Subtotal (9 objects)                                1 924         128           4            
  ---------------------------------------------  ----------  ----------  ----------  ----------
  libc_v7em_fpv4_sp_d16_hard_t_le_eabi_balanced.a
                                                        320                                    
  SEGGER_crtinit_v7em_fpv4_sp_d16_hard_t_le_eabi_balanced.a
                                                         56                                    
  ---------------------------------------------  ----------  ----------  ----------  ----------
  Subtotal (2 archives)                                 376                                    
  ---------------------------------------------  ----------  ----------  ----------  ----------
  Linker created (shared data, fills, blocks):                       28                   2 048
  =============================================  ==========  ==========  ==========  ==========
  Total:                                              2 300         156           4       2 048
  =============================================  ==========  ==========  ==========  ==========

Memory use by archive member:

  Archive member                                    RX Code     RO Data     RW Data     ZI Data
  ---------------------------------------------  ----------  ----------  ----------  ----------
  floatasmops_arm.o (libc_v7em_fpv4_sp_d16_hard_t_le_eabi_balanced.a)
                                                        112                                    
  floatops.o (libc_v7em_fpv4_sp_d16_hard_t_le_eabi_balanced.a)
                                                        208                                    
  SEGGER_crtinit.o (SEGGER_crtinit_v7em_fpv4_sp_d16_hard_t_le_eabi_balanced.a)
                                                         56                                    
  ---------------------------------------------  ----------  ----------  ----------  ----------
  Subtotal (3 members from 2 archives)                  376                                    
  Objects (9 files)                                   1 924         128           4            
  Linker created (shared data, fills, blocks):                       28                   2 048
  =============================================  ==========  ==========  ==========  ==========
  Total:                                              2 300         156           4       2 048
  =============================================  ==========  ==========  ==========  ==========

Memory use by linker:

  Description                                       RX Code     RO Data     RW Data     ZI Data
  ---------------------------------------------  ----------  ----------  ----------  ----------
  Initialization table                                               28                        
  Memory for block 'stack'                                                                2 048
  ---------------------------------------------  ----------  ----------  ----------  ----------
  Subtotal (linker created):                                         28                   2 048
  ---------------------------------------------  ----------  ----------  ----------  ----------
  Objects (9 files)                                   1 924         128           4            
  Archives (2 files)                                    376                                    
  =============================================  ==========  ==========  ==========  ==========
  Total:                                              2 300         156           4       2 048
  =============================================  ==========  ==========  ==========  ==========


***********************************************************************************************
***                                                                                         ***
***                                     SECTION DETAIL                                      ***
***                                                                                         ***
***********************************************************************************************

Sections by address:

  Range              Symbol or [section] Name         Size  Al  Init  Ac  Object File
  -----------------  -------------------------  ----------  --  ----  --  -----------
  08000000-0800018b  _vectors                          396  512
                                                                Code  RX  stm32l432xx_Vectors.o
  0800018c-0800018d  NMI_Handler                         2   2  Code  RX  stm32l432xx_Vectors.o
  0800018e-0800018f  MemManage_Handler                   2   2  Code  RX  stm32l432xx_Vectors.o
  08000190-0800025f  floor                             208   8  Code  RX  floatops.o (libc_v7em_fpv4_sp_d16_hard_t_le_eabi_balanced.a)
  08000260-080002bb  SystemInit                         92   4  Code  RX  system_stm32l4xx.o
  080002bc-080002eb  MSIRangeTable                      48   4  Cnst  RO  system_stm32l4xx.o
  080002ec-08000313  ms_delay                           40   4  Code  RX  main.o
  08000314-080003af  main                              156   4  Code  RX  main.o
  080003b0-080003ef  notes                              64   4  Cnst  RO  main.o
  080003f0-08000437  setTIM15FREQ                       72   4  Code  RX  STM32L432KC_TIM.o
  08000438-0800048f  setTIM16Count                      88   4  Code  RX  STM32L432KC_TIM.o
  08000490-080004a3  _start                             20   4  Code  RX  SEGGER_THUMB_Startup.o
  080004a4-080004cb  HardFault_Handler                  40   4  Code  RX  STM32L4xx_Startup.o
  080004cc-08000517  __aeabi_d2iz                       76   4  Code  RX  floatasmops_arm.o (libc_v7em_fpv4_sp_d16_hard_t_le_eabi_balanced.a)
  08000518-0800053b  __aeabi_i2d                        36   4  Code  RX  floatasmops_arm.o (libc_v7em_fpv4_sp_d16_hard_t_le_eabi_balanced.a)
  0800053c-080006ad  SystemCoreClockUpdate             370   4  Code  RX  system_stm32l4xx.o
  080006ae-080006af  BusFault_Handler                    2   2  Code  RX  stm32l432xx_Vectors.o
  080006b0-080006c9  configureFlash                     26   4  Code  RX  STM32L432KC_FLASH.o
  080006ca-080006cb  UsageFault_Handler                  2   2  Code  RX  stm32l432xx_Vectors.o
  080006cc-0800076d  pinMode                           162   4  Code  RX  STM32L432KC_GPIO.o
  0800076e-0800076f  SVC_Handler                         2   2  Code  RX  stm32l432xx_Vectors.o
  08000770-0800078d  togglePin                          30   4  Code  RX  STM32L432KC_GPIO.o
  0800078e-0800078f  DebugMon_Handler                    2   2  Code  RX  stm32l432xx_Vectors.o
  08000790-08000825  configurePLL                      150   4  Code  RX  STM32L432KC_RCC.o
  08000826-08000827  PendSV_Handler                      2   2  Code  RX  stm32l432xx_Vectors.o
  08000828-08000851  configureClock                     42   4  Code  RX  STM32L432KC_RCC.o
  08000852-08000853  SysTick_Handler                     2   2  Code  RX  stm32l432xx_Vectors.o
  08000854-0800087d  initializeTIM15Counter             42   4  Code  RX  STM32L432KC_TIM.o
  0800087e-0800087f  WWDG_IRQHandler                     2   2  Code  RX  stm32l432xx_Vectors.o
  08000880-080008a5  initializeTIM16Counter             38   4  Code  RX  STM32L432KC_TIM.o
  080008a6-080008a7  PVD_PVM_IRQHandler                  2   2  Code  RX  stm32l432xx_Vectors.o
  080008a8-080008a9  TAMP_STAMP_IRQHandler               2   2  Code  RX  stm32l432xx_Vectors.o
  080008aa-080008ab  RTC_WKUP_IRQHandler                 2   2  Code  RX  stm32l432xx_Vectors.o
  080008ac-080008ad  FLASH_IRQHandler                    2   2  Code  RX  stm32l432xx_Vectors.o
  080008ae-080008af  RCC_IRQHandler                      2   2  Code  RX  stm32l432xx_Vectors.o
  080008b0-080008b1  EXTI0_IRQHandler                    2   2  Code  RX  stm32l432xx_Vectors.o
  080008b2-080008b3  EXTI1_IRQHandler                    2   2  Code  RX  stm32l432xx_Vectors.o
  080008b4-080008b5  EXTI2_IRQHandler                    2   2  Code  RX  stm32l432xx_Vectors.o
  080008b6-080008b7  EXTI3_IRQHandler                    2   2  Code  RX  stm32l432xx_Vectors.o
  080008b8-080008b9  EXTI4_IRQHandler                    2   2  Code  RX  stm32l432xx_Vectors.o
  080008ba-080008bb  DMA1_Channel1_IRQHandler            2   2  Code  RX  stm32l432xx_Vectors.o
  080008bc-080008bd  DMA1_Channel2_IRQHandler            2   2  Code  RX  stm32l432xx_Vectors.o
  080008be-080008bf  DMA1_Channel3_IRQHandler            2   2  Code  RX  stm32l432xx_Vectors.o
  080008c0-080008c1  DMA1_Channel4_IRQHandler            2   2  Code  RX  stm32l432xx_Vectors.o
  080008c2-080008c3  DMA1_Channel5_IRQHandler            2   2  Code  RX  stm32l432xx_Vectors.o
  080008c4-080008c5  DMA1_Channel6_IRQHandler            2   2  Code  RX  stm32l432xx_Vectors.o
  080008c6-080008c7  DMA1_Channel7_IRQHandler            2   2  Code  RX  stm32l432xx_Vectors.o
  080008c8-080008c9  ADC1_IRQHandler                     2   2  Code  RX  stm32l432xx_Vectors.o
  080008ca-080008cb  CAN1_TX_IRQHandler                  2   2  Code  RX  stm32l432xx_Vectors.o
  080008cc-080008cd  CAN1_RX0_IRQHandler                 2   2  Code  RX  stm32l432xx_Vectors.o
  080008ce-080008cf  CAN1_RX1_IRQHandler                 2   2  Code  RX  stm32l432xx_Vectors.o
  080008d0-080008d1  CAN1_SCE_IRQHandler                 2   2  Code  RX  stm32l432xx_Vectors.o
  080008d2-080008d3  EXTI9_5_IRQHandler                  2   2  Code  RX  stm32l432xx_Vectors.o
  080008d4-080008d5  TIM1_BRK_TIM15_IRQHandler           2   2  Code  RX  stm32l432xx_Vectors.o
  080008d6-080008d7  TIM1_UP_TIM16_IRQHandler            2   2  Code  RX  stm32l432xx_Vectors.o
  080008d8-080008d9  TIM1_TRG_COM_IRQHandler             2   2  Code  RX  stm32l432xx_Vectors.o
  080008da-080008db  TIM1_CC_IRQHandler                  2   2  Code  RX  stm32l432xx_Vectors.o
  080008dc-080008dd  TIM2_IRQHandler                     2   2  Code  RX  stm32l432xx_Vectors.o
  080008de-080008df  I2C1_EV_IRQHandler                  2   2  Code  RX  stm32l432xx_Vectors.o
  080008e0-080008e1  I2C1_ER_IRQHandler                  2   2  Code  RX  stm32l432xx_Vectors.o
  080008e2-080008e3  SPI1_IRQHandler                     2   2  Code  RX  stm32l432xx_Vectors.o
  080008e4-080008e5  USART1_IRQHandler                   2   2  Code  RX  stm32l432xx_Vectors.o
  080008e6-080008e7  USART2_IRQHandler                   2   2  Code  RX  stm32l432xx_Vectors.o
  080008e8-080008e9  EXTI15_10_IRQHandler                2   2  Code  RX  stm32l432xx_Vectors.o
  080008ea-080008eb  RTC_Alarm_IRQHandler                2   2  Code  RX  stm32l432xx_Vectors.o
  080008ec-080008ed  SPI3_IRQHandler                     2   2  Code  RX  stm32l432xx_Vectors.o
  080008ee-080008ef  TIM6_DAC_IRQHandler                 2   2  Code  RX  stm32l432xx_Vectors.o
  080008f0-080008f1  TIM7_IRQHandler                     2   2  Code  RX  stm32l432xx_Vectors.o
  080008f2-080008f3  DMA2_Channel1_IRQHandler            2   2  Code  RX  stm32l432xx_Vectors.o
  080008f4-080008f5  DMA2_Channel2_IRQHandler            2   2  Code  RX  stm32l432xx_Vectors.o
  080008f6-080008f7  DMA2_Channel3_IRQHandler            2   2  Code  RX  stm32l432xx_Vectors.o
  080008f8-080008f9  DMA2_Channel4_IRQHandler            2   2  Code  RX  stm32l432xx_Vectors.o
  080008fa-080008fb  DMA2_Channel5_IRQHandler            2   2  Code  RX  stm32l432xx_Vectors.o
  080008fc-080008fd  COMP_IRQHandler                     2   2  Code  RX  stm32l432xx_Vectors.o
  080008fe-080008ff  LPTIM1_IRQHandler                   2   2  Code  RX  stm32l432xx_Vectors.o
  08000900-08000901  LPTIM2_IRQHandler                   2   2  Code  RX  stm32l432xx_Vectors.o
  08000902-08000903  USB_IRQHandler                      2   2  Code  RX  stm32l432xx_Vectors.o
  08000904-08000905  DMA2_Channel6_IRQHandler            2   2  Code  RX  stm32l432xx_Vectors.o
  08000906-08000907  DMA2_Channel7_IRQHandler            2   2  Code  RX  stm32l432xx_Vectors.o
  08000908-08000909  LPUART1_IRQHandler                  2   2  Code  RX  stm32l432xx_Vectors.o
  0800090a-0800090b  QUADSPI_IRQHandler                  2   2  Code  RX  stm32l432xx_Vectors.o
  0800090c-0800090d  I2C3_EV_IRQHandler                  2   2  Code  RX  stm32l432xx_Vectors.o
  0800090e-0800090f  I2C3_ER_IRQHandler                  2   2  Code  RX  stm32l432xx_Vectors.o
  08000910-08000911  SAI1_IRQHandler                     2   2  Code  RX  stm32l432xx_Vectors.o
  08000912-08000913  SWPMI1_IRQHandler                   2   2  Code  RX  stm32l432xx_Vectors.o
  08000914-08000915  TSC_IRQHandler                      2   2  Code  RX  stm32l432xx_Vectors.o
  08000916-08000917  RNG_IRQHandler                      2   2  Code  RX  stm32l432xx_Vectors.o
  08000918-08000919  FPU_IRQHandler                      2   2  Code  RX  stm32l432xx_Vectors.o
  0800091a-0800091b  CRS_IRQHandler                      2   2  Code  RX  stm32l432xx_Vectors.o
  0800091c-08000933  reset_handler                      24   2  Code  RX  STM32L4xx_Startup.o
  08000934-08000937  [.init_array]                       4   4  ----  --  STM32L4xx_Startup.o
  08000938-08000947  AHBPrescTable                      16   1  Cnst  RO  system_stm32l4xx.o
  08000948-0800096b  __SEGGER_init_ctors                36   4  Code  RX  SEGGER_crtinit.o (SEGGER_crtinit_v7em_fpv4_sp_d16_hard_t_le_eabi_balanced.a)
  0800096c-08000983  __SEGGER_init_table__              24   4  Cnst  RO  [ Linker created ]
  08000984-08000987  __SEGGER_init_data__                4   4  Cnst  RO  [ Linker created ]
  08000988-0800099b  __SEGGER_init_copy                 20   2  Code  RX  SEGGER_crtinit.o (SEGGER_crtinit_v7em_fpv4_sp_d16_hard_t_le_eabi_balanced.a)
  0800099c-0fffffff  ( UNUSED .=.+134215268 )   134 215 268
                                                             -  ----  -   -
  10000000-10000003  SystemCoreClock                     4   4  Init  RW  system_stm32l4xx.o
  10000004-2000b7ff  ( UNUSED .=.+268482556 )   268 482 556
                                                             -  ----  -   -
  2000b800-2000bfff  [.bss.block.stack]              2 048   8  None  ZI  [ Linker created ]


***********************************************************************************************
***                                                                                         ***
***                                       SYMBOL LIST                                       ***
***                                                                                         ***
***********************************************************************************************

Function symbols by name:

  Symbol name                   Address        Size  Align  Type  Bd  Object File
  -------------------------  ----------  ----------  -----  ----  --  -----------
  ADC1_IRQHandler            0x080008C9                  2  Code  Wk  stm32l432xx_Vectors.o
  BusFault_Handler           0x080006AF                  2  Code  Wk  stm32l432xx_Vectors.o
  CAN1_RX0_IRQHandler        0x080008CD                  2  Code  Wk  stm32l432xx_Vectors.o
  CAN1_RX1_IRQHandler        0x080008CF                  2  Code  Wk  stm32l432xx_Vectors.o
  CAN1_SCE_IRQHandler        0x080008D1                  2  Code  Wk  stm32l432xx_Vectors.o
  CAN1_TX_IRQHandler         0x080008CB                  2  Code  Wk  stm32l432xx_Vectors.o
  COMP_IRQHandler            0x080008FD                  2  Code  Wk  stm32l432xx_Vectors.o
  CRS_IRQHandler             0x0800091B                  2  Code  Wk  stm32l432xx_Vectors.o
  DMA1_Channel1_IRQHandler   0x080008BB                  2  Code  Wk  stm32l432xx_Vectors.o
  DMA1_Channel2_IRQHandler   0x080008BD                  2  Code  Wk  stm32l432xx_Vectors.o
  DMA1_Channel3_IRQHandler   0x080008BF                  2  Code  Wk  stm32l432xx_Vectors.o
  DMA1_Channel4_IRQHandler   0x080008C1                  2  Code  Wk  stm32l432xx_Vectors.o
  DMA1_Channel5_IRQHandler   0x080008C3                  2  Code  Wk  stm32l432xx_Vectors.o
  DMA1_Channel6_IRQHandler   0x080008C5                  2  Code  Wk  stm32l432xx_Vectors.o
  DMA1_Channel7_IRQHandler   0x080008C7                  2  Code  Wk  stm32l432xx_Vectors.o
  DMA2_Channel1_IRQHandler   0x080008F3                  2  Code  Wk  stm32l432xx_Vectors.o
  DMA2_Channel2_IRQHandler   0x080008F5                  2  Code  Wk  stm32l432xx_Vectors.o
  DMA2_Channel3_IRQHandler   0x080008F7                  2  Code  Wk  stm32l432xx_Vectors.o
  DMA2_Channel4_IRQHandler   0x080008F9                  2  Code  Wk  stm32l432xx_Vectors.o
  DMA2_Channel5_IRQHandler   0x080008FB                  2  Code  Wk  stm32l432xx_Vectors.o
  DMA2_Channel6_IRQHandler   0x08000905                  2  Code  Wk  stm32l432xx_Vectors.o
  DMA2_Channel7_IRQHandler   0x08000907                  2  Code  Wk  stm32l432xx_Vectors.o
  DebugMon_Handler           0x0800078F                  2  Code  Wk  stm32l432xx_Vectors.o
  EXTI0_IRQHandler           0x080008B1                  2  Code  Wk  stm32l432xx_Vectors.o
  EXTI15_10_IRQHandler       0x080008E9                  2  Code  Wk  stm32l432xx_Vectors.o
  EXTI1_IRQHandler           0x080008B3                  2  Code  Wk  stm32l432xx_Vectors.o
  EXTI2_IRQHandler           0x080008B5                  2  Code  Wk  stm32l432xx_Vectors.o
  EXTI3_IRQHandler           0x080008B7                  2  Code  Wk  stm32l432xx_Vectors.o
  EXTI4_IRQHandler           0x080008B9                  2  Code  Wk  stm32l432xx_Vectors.o
  EXTI9_5_IRQHandler         0x080008D3                  2  Code  Wk  stm32l432xx_Vectors.o
  FLASH_IRQHandler           0x080008AD                  2  Code  Wk  stm32l432xx_Vectors.o
  FPU_IRQHandler             0x08000919                  2  Code  Wk  stm32l432xx_Vectors.o
  HardFault_Handler          0x080004A5                  4  Code  Wk  STM32L4xx_Startup.o
  I2C1_ER_IRQHandler         0x080008E1                  2  Code  Wk  stm32l432xx_Vectors.o
  I2C1_EV_IRQHandler         0x080008DF                  2  Code  Wk  stm32l432xx_Vectors.o
  I2C3_ER_IRQHandler         0x0800090F                  2  Code  Wk  stm32l432xx_Vectors.o
  I2C3_EV_IRQHandler         0x0800090D                  2  Code  Wk  stm32l432xx_Vectors.o
  LPTIM1_IRQHandler          0x080008FF                  2  Code  Wk  stm32l432xx_Vectors.o
  LPTIM2_IRQHandler          0x08000901                  2  Code  Wk  stm32l432xx_Vectors.o
  LPUART1_IRQHandler         0x08000909                  2  Code  Wk  stm32l432xx_Vectors.o
  MemManage_Handler          0x0800018F                  2  Code  Wk  stm32l432xx_Vectors.o
  NMI_Handler                0x0800018D                  2  Code  Wk  stm32l432xx_Vectors.o
  PVD_PVM_IRQHandler         0x080008A7                  2  Code  Wk  stm32l432xx_Vectors.o
  PendSV_Handler             0x08000827                  2  Code  Wk  stm32l432xx_Vectors.o
  QUADSPI_IRQHandler         0x0800090B                  2  Code  Wk  stm32l432xx_Vectors.o
  RCC_IRQHandler             0x080008AF                  2  Code  Wk  stm32l432xx_Vectors.o
  RNG_IRQHandler             0x08000917                  2  Code  Wk  stm32l432xx_Vectors.o
  RTC_Alarm_IRQHandler       0x080008EB                  2  Code  Wk  stm32l432xx_Vectors.o
  RTC_WKUP_IRQHandler        0x080008AB                  2  Code  Wk  stm32l432xx_Vectors.o
  Reset_Handler              0x0800091D                  2  Code  Gb  STM32L4xx_Startup.o
  SAI1_IRQHandler            0x08000911                  2  Code  Wk  stm32l432xx_Vectors.o
  SPI1_IRQHandler            0x080008E3                  2  Code  Wk  stm32l432xx_Vectors.o
  SPI3_IRQHandler            0x080008ED                  2  Code  Wk  stm32l432xx_Vectors.o
  SVC_Handler                0x0800076F                  2  Code  Wk  stm32l432xx_Vectors.o
  SWPMI1_IRQHandler          0x08000913                  2  Code  Wk  stm32l432xx_Vectors.o
  SysTick_Handler            0x08000853                  2  Code  Wk  stm32l432xx_Vectors.o
  SystemCoreClockUpdate      0x0800053D         370      4  Code  Gb  system_stm32l4xx.o
  SystemInit                 0x08000261          92      4  Code  Gb  system_stm32l4xx.o
  TAMP_STAMP_IRQHandler      0x080008A9                  2  Code  Wk  stm32l432xx_Vectors.o
  TIM1_BRK_TIM15_IRQHandler  0x080008D5                  2  Code  Wk  stm32l432xx_Vectors.o
  TIM1_CC_IRQHandler         0x080008DB                  2  Code  Wk  stm32l432xx_Vectors.o
  TIM1_TRG_COM_IRQHandler    0x080008D9                  2  Code  Wk  stm32l432xx_Vectors.o
  TIM1_UP_TIM16_IRQHandler   0x080008D7                  2  Code  Wk  stm32l432xx_Vectors.o
  TIM2_IRQHandler            0x080008DD                  2  Code  Wk  stm32l432xx_Vectors.o
  TIM6_DAC_IRQHandler        0x080008EF                  2  Code  Wk  stm32l432xx_Vectors.o
  TIM7_IRQHandler            0x080008F1                  2  Code  Wk  stm32l432xx_Vectors.o
  TSC_IRQHandler             0x08000915                  2  Code  Wk  stm32l432xx_Vectors.o
  USART1_IRQHandler          0x080008E5                  2  Code  Wk  stm32l432xx_Vectors.o
  USART2_IRQHandler          0x080008E7                  2  Code  Wk  stm32l432xx_Vectors.o
  USB_IRQHandler             0x08000903                  2  Code  Wk  stm32l432xx_Vectors.o
  UsageFault_Handler         0x080006CB                  2  Code  Wk  stm32l432xx_Vectors.o
  WWDG_IRQHandler            0x0800087F                  2  Code  Wk  stm32l432xx_Vectors.o
  __SEGGER_init_copy         0x08000989          20      2  Code  Wk  SEGGER_crtinit.o (SEGGER_crtinit_v7em_fpv4_sp_d16_hard_t_le_eabi_balanced.a)
  __SEGGER_init_ctors        0x08000949          26      4  Code  Wk  SEGGER_crtinit.o (SEGGER_crtinit_v7em_fpv4_sp_d16_hard_t_le_eabi_balanced.a)
  __SEGGER_init_done         0x0800049B                  4  Code  Gb  SEGGER_THUMB_Startup.o
  __aeabi_d2iz               0x080004CD          74      4  Code  Wk  floatasmops_arm.o (libc_v7em_fpv4_sp_d16_hard_t_le_eabi_balanced.a)
  __aeabi_i2d                0x08000519          34      4  Code  Wk  floatasmops_arm.o (libc_v7em_fpv4_sp_d16_hard_t_le_eabi_balanced.a)
  __startup_complete         0x0800049B                  4  Code  Gb  SEGGER_THUMB_Startup.o
  _start                     0x08000491          14      4  Code  Gb  SEGGER_THUMB_Startup.o
  configureClock             0x08000829          42      4  Code  Gb  STM32L432KC_RCC.o
  configureFlash             0x080006B1          26      4  Code  Gb  STM32L432KC_FLASH.o
  configurePLL               0x08000791         150      4  Code  Gb  STM32L432KC_RCC.o
  exit                       0x0800049F           2      4  Code  Gb  SEGGER_THUMB_Startup.o
  floor                      0x08000191         208      8  Code  Wk  floatops.o (libc_v7em_fpv4_sp_d16_hard_t_le_eabi_balanced.a)
  initializeTIM15Counter     0x08000855          42      4  Code  Gb  STM32L432KC_TIM.o
  initializeTIM16Counter     0x08000881          38      4  Code  Gb  STM32L432KC_TIM.o
  main                       0x08000315         156      4  Code  Gb  main.o
  ms_delay                   0x080002ED          40      4  Code  Gb  main.o
  pinMode                    0x080006CD         162      4  Code  Gb  STM32L432KC_GPIO.o
  reset_handler              0x0800091D                  2  Code  Gb  STM32L4xx_Startup.o
  setTIM15FREQ               0x080003F1          72      4  Code  Gb  STM32L432KC_TIM.o
  setTIM16Count              0x08000439          88      4  Code  Gb  STM32L432KC_TIM.o
  togglePin                  0x08000771          30      4  Code  Gb  STM32L432KC_GPIO.o

Function symbols by address:

     Address  Symbol name                      Size  Align  Type  Bd  Object File
  ----------  -------------------------  ----------  -----  ----  --  -----------
  0x0800018D  NMI_Handler                                2  Code  Wk  stm32l432xx_Vectors.o
  0x0800018F  MemManage_Handler                          2  Code  Wk  stm32l432xx_Vectors.o
  0x08000191  floor                             208      8  Code  Wk  floatops.o (libc_v7em_fpv4_sp_d16_hard_t_le_eabi_balanced.a)
  0x08000261  SystemInit                         92      4  Code  Gb  system_stm32l4xx.o
  0x080002ED  ms_delay                           40      4  Code  Gb  main.o
  0x08000315  main                              156      4  Code  Gb  main.o
  0x080003F1  setTIM15FREQ                       72      4  Code  Gb  STM32L432KC_TIM.o
  0x08000439  setTIM16Count                      88      4  Code  Gb  STM32L432KC_TIM.o
  0x08000491  _start                             14      4  Code  Gb  SEGGER_THUMB_Startup.o
  0x0800049B  __startup_complete                         4  Code  Gb  SEGGER_THUMB_Startup.o
  0x0800049B  __SEGGER_init_done                         4  Code  Gb  SEGGER_THUMB_Startup.o
  0x0800049F  exit                                2      4  Code  Gb  SEGGER_THUMB_Startup.o
  0x080004A5  HardFault_Handler                          4  Code  Wk  STM32L4xx_Startup.o
  0x080004CD  __aeabi_d2iz                       74      4  Code  Wk  floatasmops_arm.o (libc_v7em_fpv4_sp_d16_hard_t_le_eabi_balanced.a)
  0x08000519  __aeabi_i2d                        34      4  Code  Wk  floatasmops_arm.o (libc_v7em_fpv4_sp_d16_hard_t_le_eabi_balanced.a)
  0x0800053D  SystemCoreClockUpdate             370      4  Code  Gb  system_stm32l4xx.o
  0x080006AF  BusFault_Handler                           2  Code  Wk  stm32l432xx_Vectors.o
  0x080006B1  configureFlash                     26      4  Code  Gb  STM32L432KC_FLASH.o
  0x080006CB  UsageFault_Handler                         2  Code  Wk  stm32l432xx_Vectors.o
  0x080006CD  pinMode                           162      4  Code  Gb  STM32L432KC_GPIO.o
  0x0800076F  SVC_Handler                                2  Code  Wk  stm32l432xx_Vectors.o
  0x08000771  togglePin                          30      4  Code  Gb  STM32L432KC_GPIO.o
  0x0800078F  DebugMon_Handler                           2  Code  Wk  stm32l432xx_Vectors.o
  0x08000791  configurePLL                      150      4  Code  Gb  STM32L432KC_RCC.o
  0x08000827  PendSV_Handler                             2  Code  Wk  stm32l432xx_Vectors.o
  0x08000829  configureClock                     42      4  Code  Gb  STM32L432KC_RCC.o
  0x08000853  SysTick_Handler                            2  Code  Wk  stm32l432xx_Vectors.o
  0x08000855  initializeTIM15Counter             42      4  Code  Gb  STM32L432KC_TIM.o
  0x0800087F  WWDG_IRQHandler                            2  Code  Wk  stm32l432xx_Vectors.o
  0x08000881  initializeTIM16Counter             38      4  Code  Gb  STM32L432KC_TIM.o
  0x080008A7  PVD_PVM_IRQHandler                         2  Code  Wk  stm32l432xx_Vectors.o
  0x080008A9  TAMP_STAMP_IRQHandler                      2  Code  Wk  stm32l432xx_Vectors.o
  0x080008AB  RTC_WKUP_IRQHandler                        2  Code  Wk  stm32l432xx_Vectors.o
  0x080008AD  FLASH_IRQHandler                           2  Code  Wk  stm32l432xx_Vectors.o
  0x080008AF  RCC_IRQHandler                             2  Code  Wk  stm32l432xx_Vectors.o
  0x080008B1  EXTI0_IRQHandler                           2  Code  Wk  stm32l432xx_Vectors.o
  0x080008B3  EXTI1_IRQHandler                           2  Code  Wk  stm32l432xx_Vectors.o
  0x080008B5  EXTI2_IRQHandler                           2  Code  Wk  stm32l432xx_Vectors.o
  0x080008B7  EXTI3_IRQHandler                           2  Code  Wk  stm32l432xx_Vectors.o
  0x080008B9  EXTI4_IRQHandler                           2  Code  Wk  stm32l432xx_Vectors.o
  0x080008BB  DMA1_Channel1_IRQHandler                   2  Code  Wk  stm32l432xx_Vectors.o
  0x080008BD  DMA1_Channel2_IRQHandler                   2  Code  Wk  stm32l432xx_Vectors.o
  0x080008BF  DMA1_Channel3_IRQHandler                   2  Code  Wk  stm32l432xx_Vectors.o
  0x080008C1  DMA1_Channel4_IRQHandler                   2  Code  Wk  stm32l432xx_Vectors.o
  0x080008C3  DMA1_Channel5_IRQHandler                   2  Code  Wk  stm32l432xx_Vectors.o
  0x080008C5  DMA1_Channel6_IRQHandler                   2  Code  Wk  stm32l432xx_Vectors.o
  0x080008C7  DMA1_Channel7_IRQHandler                   2  Code  Wk  stm32l432xx_Vectors.o
  0x080008C9  ADC1_IRQHandler                            2  Code  Wk  stm32l432xx_Vectors.o
  0x080008CB  CAN1_TX_IRQHandler                         2  Code  Wk  stm32l432xx_Vectors.o
  0x080008CD  CAN1_RX0_IRQHandler                        2  Code  Wk  stm32l432xx_Vectors.o
  0x080008CF  CAN1_RX1_IRQHandler                        2  Code  Wk  stm32l432xx_Vectors.o
  0x080008D1  CAN1_SCE_IRQHandler                        2  Code  Wk  stm32l432xx_Vectors.o
  0x080008D3  EXTI9_5_IRQHandler                         2  Code  Wk  stm32l432xx_Vectors.o
  0x080008D5  TIM1_BRK_TIM15_IRQHandler                  2  Code  Wk  stm32l432xx_Vectors.o
  0x080008D7  TIM1_UP_TIM16_IRQHandler                   2  Code  Wk  stm32l432xx_Vectors.o
  0x080008D9  TIM1_TRG_COM_IRQHandler                    2  Code  Wk  stm32l432xx_Vectors.o
  0x080008DB  TIM1_CC_IRQHandler                         2  Code  Wk  stm32l432xx_Vectors.o
  0x080008DD  TIM2_IRQHandler                            2  Code  Wk  stm32l432xx_Vectors.o
  0x080008DF  I2C1_EV_IRQHandler                         2  Code  Wk  stm32l432xx_Vectors.o
  0x080008E1  I2C1_ER_IRQHandler                         2  Code  Wk  stm32l432xx_Vectors.o
  0x080008E3  SPI1_IRQHandler                            2  Code  Wk  stm32l432xx_Vectors.o
  0x080008E5  USART1_IRQHandler                          2  Code  Wk  stm32l432xx_Vectors.o
  0x080008E7  USART2_IRQHandler                          2  Code  Wk  stm32l432xx_Vectors.o
  0x080008E9  EXTI15_10_IRQHandler                       2  Code  Wk  stm32l432xx_Vectors.o
  0x080008EB  RTC_Alarm_IRQHandler                       2  Code  Wk  stm32l432xx_Vectors.o
  0x080008ED  SPI3_IRQHandler                            2  Code  Wk  stm32l432xx_Vectors.o
  0x080008EF  TIM6_DAC_IRQHandler                        2  Code  Wk  stm32l432xx_Vectors.o
  0x080008F1  TIM7_IRQHandler                            2  Code  Wk  stm32l432xx_Vectors.o
  0x080008F3  DMA2_Channel1_IRQHandler                   2  Code  Wk  stm32l432xx_Vectors.o
  0x080008F5  DMA2_Channel2_IRQHandler                   2  Code  Wk  stm32l432xx_Vectors.o
  0x080008F7  DMA2_Channel3_IRQHandler                   2  Code  Wk  stm32l432xx_Vectors.o
  0x080008F9  DMA2_Channel4_IRQHandler                   2  Code  Wk  stm32l432xx_Vectors.o
  0x080008FB  DMA2_Channel5_IRQHandler                   2  Code  Wk  stm32l432xx_Vectors.o
  0x080008FD  COMP_IRQHandler                            2  Code  Wk  stm32l432xx_Vectors.o
  0x080008FF  LPTIM1_IRQHandler                          2  Code  Wk  stm32l432xx_Vectors.o
  0x08000901  LPTIM2_IRQHandler                          2  Code  Wk  stm32l432xx_Vectors.o
  0x08000903  USB_IRQHandler                             2  Code  Wk  stm32l432xx_Vectors.o
  0x08000905  DMA2_Channel6_IRQHandler                   2  Code  Wk  stm32l432xx_Vectors.o
  0x08000907  DMA2_Channel7_IRQHandler                   2  Code  Wk  stm32l432xx_Vectors.o
  0x08000909  LPUART1_IRQHandler                         2  Code  Wk  stm32l432xx_Vectors.o
  0x0800090B  QUADSPI_IRQHandler                         2  Code  Wk  stm32l432xx_Vectors.o
  0x0800090D  I2C3_EV_IRQHandler                         2  Code  Wk  stm32l432xx_Vectors.o
  0x0800090F  I2C3_ER_IRQHandler                         2  Code  Wk  stm32l432xx_Vectors.o
  0x08000911  SAI1_IRQHandler                            2  Code  Wk  stm32l432xx_Vectors.o
  0x08000913  SWPMI1_IRQHandler                          2  Code  Wk  stm32l432xx_Vectors.o
  0x08000915  TSC_IRQHandler                             2  Code  Wk  stm32l432xx_Vectors.o
  0x08000917  RNG_IRQHandler                             2  Code  Wk  stm32l432xx_Vectors.o
  0x08000919  FPU_IRQHandler                             2  Code  Wk  stm32l432xx_Vectors.o
  0x0800091B  CRS_IRQHandler                             2  Code  Wk  stm32l432xx_Vectors.o
  0x0800091D  reset_handler                              2  Code  Gb  STM32L4xx_Startup.o
  0x0800091D  Reset_Handler                              2  Code  Gb  STM32L4xx_Startup.o
  0x08000949  __SEGGER_init_ctors                26      4  Code  Wk  SEGGER_crtinit.o (SEGGER_crtinit_v7em_fpv4_sp_d16_hard_t_le_eabi_balanced.a)
  0x08000989  __SEGGER_init_copy                 20      2  Code  Wk  SEGGER_crtinit.o (SEGGER_crtinit_v7em_fpv4_sp_d16_hard_t_le_eabi_balanced.a)

Function symbols by descending size:

  Symbol name                      Size  Align  Type  Bd  Object File
  -------------------------  ----------  -----  ----  --  -----------
  SystemCoreClockUpdate             370      4  Code  Gb  system_stm32l4xx.o
  floor                             208      8  Code  Wk  floatops.o (libc_v7em_fpv4_sp_d16_hard_t_le_eabi_balanced.a)
  pinMode                           162      4  Code  Gb  STM32L432KC_GPIO.o
  main                              156      4  Code  Gb  main.o
  configurePLL                      150      4  Code  Gb  STM32L432KC_RCC.o
  SystemInit                         92      4  Code  Gb  system_stm32l4xx.o
  setTIM16Count                      88      4  Code  Gb  STM32L432KC_TIM.o
  __aeabi_d2iz                       74      4  Code  Wk  floatasmops_arm.o (libc_v7em_fpv4_sp_d16_hard_t_le_eabi_balanced.a)
  setTIM15FREQ                       72      4  Code  Gb  STM32L432KC_TIM.o
  configureClock                     42      4  Code  Gb  STM32L432KC_RCC.o
  initializeTIM15Counter             42      4  Code  Gb  STM32L432KC_TIM.o
  ms_delay                           40      4  Code  Gb  main.o
  initializeTIM16Counter             38      4  Code  Gb  STM32L432KC_TIM.o
  __aeabi_i2d                        34      4  Code  Wk  floatasmops_arm.o (libc_v7em_fpv4_sp_d16_hard_t_le_eabi_balanced.a)
  togglePin                          30      4  Code  Gb  STM32L432KC_GPIO.o
  __SEGGER_init_ctors                26      4  Code  Wk  SEGGER_crtinit.o (SEGGER_crtinit_v7em_fpv4_sp_d16_hard_t_le_eabi_balanced.a)
  configureFlash                     26      4  Code  Gb  STM32L432KC_FLASH.o
  __SEGGER_init_copy                 20      2  Code  Wk  SEGGER_crtinit.o (SEGGER_crtinit_v7em_fpv4_sp_d16_hard_t_le_eabi_balanced.a)
  _start                             14      4  Code  Gb  SEGGER_THUMB_Startup.o
  exit                                2      4  Code  Gb  SEGGER_THUMB_Startup.o
  ADC1_IRQHandler                            2  Code  Wk  stm32l432xx_Vectors.o
  BusFault_Handler                           2  Code  Wk  stm32l432xx_Vectors.o
  CAN1_RX0_IRQHandler                        2  Code  Wk  stm32l432xx_Vectors.o
  CAN1_RX1_IRQHandler                        2  Code  Wk  stm32l432xx_Vectors.o
  CAN1_SCE_IRQHandler                        2  Code  Wk  stm32l432xx_Vectors.o
  CAN1_TX_IRQHandler                         2  Code  Wk  stm32l432xx_Vectors.o
  COMP_IRQHandler                            2  Code  Wk  stm32l432xx_Vectors.o
  CRS_IRQHandler                             2  Code  Wk  stm32l432xx_Vectors.o
  DMA1_Channel1_IRQHandler                   2  Code  Wk  stm32l432xx_Vectors.o
  DMA1_Channel2_IRQHandler                   2  Code  Wk  stm32l432xx_Vectors.o
  DMA1_Channel3_IRQHandler                   2  Code  Wk  stm32l432xx_Vectors.o
  DMA1_Channel4_IRQHandler                   2  Code  Wk  stm32l432xx_Vectors.o
  DMA1_Channel5_IRQHandler                   2  Code  Wk  stm32l432xx_Vectors.o
  DMA1_Channel6_IRQHandler                   2  Code  Wk  stm32l432xx_Vectors.o
  DMA1_Channel7_IRQHandler                   2  Code  Wk  stm32l432xx_Vectors.o
  DMA2_Channel1_IRQHandler                   2  Code  Wk  stm32l432xx_Vectors.o
  DMA2_Channel2_IRQHandler                   2  Code  Wk  stm32l432xx_Vectors.o
  DMA2_Channel3_IRQHandler                   2  Code  Wk  stm32l432xx_Vectors.o
  DMA2_Channel4_IRQHandler                   2  Code  Wk  stm32l432xx_Vectors.o
  DMA2_Channel5_IRQHandler                   2  Code  Wk  stm32l432xx_Vectors.o
  DMA2_Channel6_IRQHandler                   2  Code  Wk  stm32l432xx_Vectors.o
  DMA2_Channel7_IRQHandler                   2  Code  Wk  stm32l432xx_Vectors.o
  DebugMon_Handler                           2  Code  Wk  stm32l432xx_Vectors.o
  EXTI0_IRQHandler                           2  Code  Wk  stm32l432xx_Vectors.o
  EXTI15_10_IRQHandler                       2  Code  Wk  stm32l432xx_Vectors.o
  EXTI1_IRQHandler                           2  Code  Wk  stm32l432xx_Vectors.o
  EXTI2_IRQHandler                           2  Code  Wk  stm32l432xx_Vectors.o
  EXTI3_IRQHandler                           2  Code  Wk  stm32l432xx_Vectors.o
  EXTI4_IRQHandler                           2  Code  Wk  stm32l432xx_Vectors.o
  EXTI9_5_IRQHandler                         2  Code  Wk  stm32l432xx_Vectors.o
  FLASH_IRQHandler                           2  Code  Wk  stm32l432xx_Vectors.o
  FPU_IRQHandler                             2  Code  Wk  stm32l432xx_Vectors.o
  HardFault_Handler                          4  Code  Wk  STM32L4xx_Startup.o
  I2C1_ER_IRQHandler                         2  Code  Wk  stm32l432xx_Vectors.o
  I2C1_EV_IRQHandler                         2  Code  Wk  stm32l432xx_Vectors.o
  I2C3_ER_IRQHandler                         2  Code  Wk  stm32l432xx_Vectors.o
  I2C3_EV_IRQHandler                         2  Code  Wk  stm32l432xx_Vectors.o
  LPTIM1_IRQHandler                          2  Code  Wk  stm32l432xx_Vectors.o
  LPTIM2_IRQHandler                          2  Code  Wk  stm32l432xx_Vectors.o
  LPUART1_IRQHandler                         2  Code  Wk  stm32l432xx_Vectors.o
  MemManage_Handler                          2  Code  Wk  stm32l432xx_Vectors.o
  NMI_Handler                                2  Code  Wk  stm32l432xx_Vectors.o
  PVD_PVM_IRQHandler                         2  Code  Wk  stm32l432xx_Vectors.o
  PendSV_Handler                             2  Code  Wk  stm32l432xx_Vectors.o
  QUADSPI_IRQHandler                         2  Code  Wk  stm32l432xx_Vectors.o
  RCC_IRQHandler                             2  Code  Wk  stm32l432xx_Vectors.o
  RNG_IRQHandler                             2  Code  Wk  stm32l432xx_Vectors.o
  RTC_Alarm_IRQHandler                       2  Code  Wk  stm32l432xx_Vectors.o
  RTC_WKUP_IRQHandler                        2  Code  Wk  stm32l432xx_Vectors.o
  Reset_Handler                              2  Code  Gb  STM32L4xx_Startup.o
  SAI1_IRQHandler                            2  Code  Wk  stm32l432xx_Vectors.o
  SPI1_IRQHandler                            2  Code  Wk  stm32l432xx_Vectors.o
  SPI3_IRQHandler                            2  Code  Wk  stm32l432xx_Vectors.o
  SVC_Handler                                2  Code  Wk  stm32l432xx_Vectors.o
  SWPMI1_IRQHandler                          2  Code  Wk  stm32l432xx_Vectors.o
  SysTick_Handler                            2  Code  Wk  stm32l432xx_Vectors.o
  TAMP_STAMP_IRQHandler                      2  Code  Wk  stm32l432xx_Vectors.o
  TIM1_BRK_TIM15_IRQHandler                  2  Code  Wk  stm32l432xx_Vectors.o
  TIM1_CC_IRQHandler                         2  Code  Wk  stm32l432xx_Vectors.o
  TIM1_TRG_COM_IRQHandler                    2  Code  Wk  stm32l432xx_Vectors.o
  TIM1_UP_TIM16_IRQHandler                   2  Code  Wk  stm32l432xx_Vectors.o
  TIM2_IRQHandler                            2  Code  Wk  stm32l432xx_Vectors.o
  TIM6_DAC_IRQHandler                        2  Code  Wk  stm32l432xx_Vectors.o
  TIM7_IRQHandler                            2  Code  Wk  stm32l432xx_Vectors.o
  TSC_IRQHandler                             2  Code  Wk  stm32l432xx_Vectors.o
  USART1_IRQHandler                          2  Code  Wk  stm32l432xx_Vectors.o
  USART2_IRQHandler                          2  Code  Wk  stm32l432xx_Vectors.o
  USB_IRQHandler                             2  Code  Wk  stm32l432xx_Vectors.o
  UsageFault_Handler                         2  Code  Wk  stm32l432xx_Vectors.o
  WWDG_IRQHandler                            2  Code  Wk  stm32l432xx_Vectors.o
  __SEGGER_init_done                         4  Code  Gb  SEGGER_THUMB_Startup.o
  __startup_complete                         4  Code  Gb  SEGGER_THUMB_Startup.o
  reset_handler                              2  Code  Gb  STM32L4xx_Startup.o

Read-write data symbols by name:

  Symbol name                   Address        Size  Align  Type  Bd  Object File
  -------------------------  ----------  ----------  -----  ----  --  -----------
  SystemCoreClock            0x10000000           4      4  Init  Gb  system_stm32l4xx.o

Read-write data symbols by address:

     Address  Symbol name                      Size  Align  Type  Bd  Object File
  ----------  -------------------------  ----------  -----  ----  --  -----------
  0x10000000  SystemCoreClock                     4      4  Init  Gb  system_stm32l4xx.o

Read-write data symbols by descending size:

  Symbol name                      Size  Align  Type  Bd  Object File
  -------------------------  ----------  -----  ----  --  -----------
  SystemCoreClock                     4      4  Init  Gb  system_stm32l4xx.o

Read-only data symbols by name:

  Symbol name                   Address        Size  Align  Type  Bd  Object File
  -------------------------  ----------  ----------  -----  ----  --  -----------
  AHBPrescTable              0x08000938          16         Cnst  Gb  system_stm32l4xx.o
  MSIRangeTable              0x080002BC          48      4  Cnst  Gb  system_stm32l4xx.o
  __SEGGER_init_data__       0x08000984         [4]      4  Cnst  Lc  [ Linker created ]
  __SEGGER_init_table__      0x0800096C        [24]      4  Cnst  Lc  [ Linker created ]
  notes                      0x080003B0          64      4  Cnst  Gb  main.o

Read-only data symbols by address:

     Address  Symbol name                      Size  Align  Type  Bd  Object File
  ----------  -------------------------  ----------  -----  ----  --  -----------
  0x080002BC  MSIRangeTable                      48      4  Cnst  Gb  system_stm32l4xx.o
  0x080003B0  notes                              64      4  Cnst  Gb  main.o
  0x08000938  AHBPrescTable                      16         Cnst  Gb  system_stm32l4xx.o
  0x0800096C  __SEGGER_init_table__            [24]      4  Cnst  Lc  [ Linker created ]
  0x08000984  __SEGGER_init_data__              [4]      4  Cnst  Lc  [ Linker created ]

Untyped symbols by name:

  Symbol name                     Value        Size  Align  Type  Bd  Object File
  -------------------------  ----------  ----------  -----  ----  --  -----------
  __FLASH1_segment_end__     0x08040000                     ----  Gb  [ Linker created ]
  __FLASH1_segment_size__    0x00040000                     ----  Gb  [ Linker created ]
  __FLASH1_segment_start__   0x08000000                     ----  Gb  [ Linker created ]
  __FLASH1_segment_used_end__
                             0x0800099C                     ----  Gb  [ Linker created ]
  __FLASH1_segment_used_size__
                             0x0000099C                     ----  Gb  [ Linker created ]
  __FLASH1_segment_used_start__
                             0x08000000                     ----  Gb  [ Linker created ]
  __FLASH_segment_end__      0x08040000                     ----  Gb  [ Linker created ]
  __FLASH_segment_size__     0x00040000                     ----  Gb  [ Linker created ]
  __FLASH_segment_start__    0x08000000                     ----  Gb  [ Linker created ]
  __FLASH_segment_used_end__
                             0x0800099C                     ----  Gb  [ Linker created ]
  __FLASH_segment_used_size__
                             0x0000099C                     ----  Gb  [ Linker created ]
  __FLASH_segment_used_start__
                             0x08000000                     ----  Gb  [ Linker created ]
  __HEAPSIZE__               0x00000400                     ----  Gb  [ Linker created ]
  __RAM1_segment_end__       0x10004000                     ----  Gb  [ Linker created ]
  __RAM1_segment_size__      0x00004000                     ----  Gb  [ Linker created ]
  __RAM1_segment_start__     0x10000000                     ----  Gb  [ Linker created ]
  __RAM1_segment_used_end__  0x10000004                     ----  Gb  [ Linker created ]
  __RAM1_segment_used_size__
                             0x00000004                     ----  Gb  [ Linker created ]
  __RAM1_segment_used_start__
                             0x10000000                     ----  Gb  [ Linker created ]
  __RAM2_segment_end__       0x2000C000                     ----  Gb  [ Linker created ]
  __RAM2_segment_size__      0x0000C000                     ----  Gb  [ Linker created ]
  __RAM2_segment_start__     0x20000000                     ----  Gb  [ Linker created ]
  __RAM2_segment_used_end__  0x2000C000                     ----  Gb  [ Linker created ]
  __RAM2_segment_used_size__
                             0x00000800                     ----  Gb  [ Linker created ]
  __RAM2_segment_used_start__
                             0x2000B800                     ----  Gb  [ Linker created ]
  __RAM_segment_end__        0x2000C000                     ----  Gb  [ Linker created ]
  __RAM_segment_size__       0x1000C000                     ----  Gb  [ Linker created ]
  __RAM_segment_start__      0x10000000                     ----  Gb  [ Linker created ]
  __RAM_segment_used_end__   0x2000C000                     ----  Gb  [ Linker created ]
  __RAM_segment_used_size__  0x1000C000                     ----  Gb  [ Linker created ]
  __RAM_segment_used_start__
                             0x10000000                     ----  Gb  [ Linker created ]
  __STACKSIZE_PROCESS__      0x00000000                     ----  Gb  [ Linker created ]
  __STACKSIZE__              0x00000800                     ----  Gb  [ Linker created ]
  __ctors_end__              0x08000938                     ----  Gb  [ Linker created ]
  __ctors_start__            0x08000934                     ----  Gb  [ Linker created ]
  __stack_end__              0x2000C000                     ----  Gb  [ Linker created ]
  __thread_pointer$          0x00000000                     ----  Gb  [ Linker created ]
  _vectors                   0x08000000       [396]    512  Code  Gb  stm32l432xx_Vectors.o
  _vectors_end               0x0800018C                512  Code  Lc  stm32l432xx_Vectors.o

Untyped symbols by address:

       Value  Symbol name                      Size  Align  Type  Bd  Object File
  ----------  -------------------------  ----------  -----  ----  --  -----------
  0x00000000  __thread_pointer$                             ----  Gb  [ Linker created ]
  0x00000000  __STACKSIZE_PROCESS__                         ----  Gb  [ Linker created ]
  0x00000004  __RAM1_segment_used_size__
                                                            ----  Gb  [ Linker created ]
  0x00000400  __HEAPSIZE__                                  ----  Gb  [ Linker created ]
  0x00000800  __STACKSIZE__                                 ----  Gb  [ Linker created ]
  0x00000800  __RAM2_segment_used_size__
                                                            ----  Gb  [ Linker created ]
  0x0000099C  __FLASH_segment_used_size__
                                                            ----  Gb  [ Linker created ]
  0x0000099C  __FLASH1_segment_used_size__
                                                            ----  Gb  [ Linker created ]
  0x00004000  __RAM1_segment_size__                         ----  Gb  [ Linker created ]
  0x0000C000  __RAM2_segment_size__                         ----  Gb  [ Linker created ]
  0x00040000  __FLASH_segment_size__                        ----  Gb  [ Linker created ]
  0x00040000  __FLASH1_segment_size__                       ----  Gb  [ Linker created ]
  0x08000000  _vectors                        [396]    512  Code  Gb  stm32l432xx_Vectors.o
  0x08000000  __FLASH_segment_used_start__
                                                            ----  Gb  [ Linker created ]
  0x08000000  __FLASH_segment_start__                       ----  Gb  [ Linker created ]
  0x08000000  __FLASH1_segment_used_start__
                                                            ----  Gb  [ Linker created ]
  0x08000000  __FLASH1_segment_start__                      ----  Gb  [ Linker created ]
  0x0800018C  _vectors_end                             512  Code  Lc  stm32l432xx_Vectors.o
  0x08000934  __ctors_start__                               ----  Gb  [ Linker created ]
  0x08000938  __ctors_end__                                 ----  Gb  [ Linker created ]
  0x0800099C  __FLASH_segment_used_end__
                                                            ----  Gb  [ Linker created ]
  0x0800099C  __FLASH1_segment_used_end__
                                                            ----  Gb  [ Linker created ]
  0x08040000  __FLASH_segment_end__                         ----  Gb  [ Linker created ]
  0x08040000  __FLASH1_segment_end__                        ----  Gb  [ Linker created ]
  0x10000000  __RAM_segment_used_start__
                                                            ----  Gb  [ Linker created ]
  0x10000000  __RAM_segment_start__                         ----  Gb  [ Linker created ]
  0x10000000  __RAM1_segment_used_start__
                                                            ----  Gb  [ Linker created ]
  0x10000000  __RAM1_segment_start__                        ----  Gb  [ Linker created ]
  0x10000004  __RAM1_segment_used_end__                     ----  Gb  [ Linker created ]
  0x10004000  __RAM1_segment_end__                          ----  Gb  [ Linker created ]
  0x1000C000  __RAM_segment_used_size__                     ----  Gb  [ Linker created ]
  0x1000C000  __RAM_segment_size__                          ----  Gb  [ Linker created ]
  0x20000000  __RAM2_segment_start__                        ----  Gb  [ Linker created ]
  0x2000B800  __RAM2_segment_used_start__
                                                            ----  Gb  [ Linker created ]
  0x2000C000  __stack_end__                                 ----  Gb  [ Linker created ]
  0x2000C000  __RAM_segment_used_end__                      ----  Gb  [ Linker created ]
  0x2000C000  __RAM_segment_end__                           ----  Gb  [ Linker created ]
  0x2000C000  __RAM2_segment_used_end__                     ----  Gb  [ Linker created ]
  0x2000C000  __RAM2_segment_end__                          ----  Gb  [ Linker created ]


***********************************************************************************************
***                                                                                         ***
***                                      LINK SUMMARY                                       ***
***                                                                                         ***
***********************************************************************************************

Memory breakdown:

    2 300 bytes read-only  code    + 
      156 bytes read-only  data    =   2 456 bytes read-only (total)
    2 052 bytes read-write data

Region summary:

  Name        Range                     Size                 Used               Unused       Alignment Loss
  ----------  -----------------  -----------  -------------------  -------------------  -------------------
  FLASH       08000000-0803ffff      262 144        2 460   0.94%      259 684  99.06%            0   0.00%
  RAM1        10000000-10003fff       16 384            4   0.02%       16 380  99.98%            0   0.00%
  RAM2        20000000-2000bfff       49 152        2 048   4.17%       47 104  95.83%            0   0.00%

Link complete: 0 errors, 0 warnings, 0 remarks
